{"Conception et r\u00e9alisation d\u2019un site Web s\u00e9curis\u00e9 pour la gestion d\u2019une plateforme de partage.pdf":false,"download (27).jpeg":false,"Chapitre01.docx":false,"Capture d'\u00e9cran 2025-01-06 233151.png":true,"Capture d'\u00e9cran 2025-01-07 063538.png":false}